2025-11-23 19:50:43.907 [App.main()] INFO  App - Додаток запущено
2025-11-23 19:50:43.911 [App.main()] DEBUG service.FileService - Початок завантаження всіх даних
2025-11-23 19:50:43.918 [App.main()] DEBUG service.FileService - Клієнтів завантажено - Кількість: 2
2025-11-23 19:50:43.920 [App.main()] DEBUG service.FileService - Деривативів завантажено - Кількість: 2
2025-11-23 19:50:43.924 [App.main()] DEBUG service.FileService - Контрактів завантажено - Кількість: 2
2025-11-23 19:50:43.926 [App.main()] DEBUG service.FileService - Вимог завантажено - Кількість: 1
2025-11-23 19:50:43.926 [App.main()] INFO  service.FileService - Дані завантажено - Клієнтів: 2, Деривативів: 2, Контрактів: 2, Вимог: 1
2025-11-23 19:50:43.928 [App.main()] INFO  App - Дані завантажено - Клієнтів: 2, Контрактів: 2, Вимог: 1, Деривативів: 2
2025-11-23 19:50:59.261 [App.main()] INFO  service.ContractService - Початок процесу створення контракту
2025-11-23 19:51:02.305 [App.main()] DEBUG service.ContractService - Знайдено клієнта: John Doe
2025-11-23 19:51:14.554 [App.main()] DEBUG service.ContractProcessor - Розраховано ризик для контракту 3: LOW
2025-11-23 19:51:14.556 [App.main()] DEBUG service.FileService - Контрактів збережено - Кількість: 3
2025-11-23 19:51:14.557 [App.main()] INFO  service.ContractService - Контракт успішно створено - Номер: 3, Клієнт: 1
2025-11-23 19:51:27.680 [App.main()] INFO  service.ContractService - Початок процесу створення контракту
2025-11-23 19:51:29.271 [App.main()] ERROR service.ContractService - Помилка при створенні контракту
java.util.InputMismatchException: null
	at java.util.Scanner.throwFor(Scanner.java:947) ~[?:?]
	at java.util.Scanner.next(Scanner.java:1602) ~[?:?]
	at java.util.Scanner.nextInt(Scanner.java:2267) ~[?:?]
	at java.util.Scanner.nextInt(Scanner.java:2221) ~[?:?]
	at service.ContractService.createContractInteractive(ContractService.java:28) ~[classes/:?]
	at menu.MenuFactory.lambda$createCustomerContractsMenu$5(MenuFactory.java:51) ~[classes/:?]
	at menu.Menu.execute(Menu.java:34) ~[classes/:?]
	at menu.Menu.show(Menu.java:28) ~[classes/:?]
	at App.main(App.java:39) ~[classes/:?]
	at jdk.internal.reflect.DirectMethodHandleAccessor.invoke(DirectMethodHandleAccessor.java:103) ~[?:?]
	at java.lang.reflect.Method.invoke(Method.java:580) ~[?:?]
	at org.codehaus.mojo.exec.AbstractExecJavaBase.executeMainMethod(AbstractExecJavaBase.java:402) ~[?:?]
	at org.codehaus.mojo.exec.ExecJavaMojo.executeMainMethod(ExecJavaMojo.java:142) ~[?:?]
	at org.codehaus.mojo.exec.AbstractExecJavaBase.doExecClassLoader(AbstractExecJavaBase.java:377) ~[?:?]
	at org.codehaus.mojo.exec.AbstractExecJavaBase.lambda$execute$0(AbstractExecJavaBase.java:287) ~[?:?]
	at java.lang.Thread.run(Thread.java:1583) [?:?]
2025-11-23 19:56:08.624 [App.main()] INFO  App - Додаток запущено
2025-11-23 19:56:08.629 [App.main()] DEBUG service.FileService - Початок завантаження всіх даних
2025-11-23 19:56:08.636 [App.main()] DEBUG service.FileService - Клієнтів завантажено - Кількість: 2
2025-11-23 19:56:08.638 [App.main()] DEBUG service.FileService - Деривативів завантажено - Кількість: 2
2025-11-23 19:56:08.642 [App.main()] DEBUG service.FileService - Контрактів завантажено - Кількість: 3
2025-11-23 19:56:08.644 [App.main()] DEBUG service.FileService - Вимог завантажено - Кількість: 1
2025-11-23 19:56:08.644 [App.main()] INFO  service.FileService - Дані завантажено - Клієнтів: 2, Деривативів: 2, Контрактів: 3, Вимог: 1
2025-11-23 19:56:08.648 [App.main()] INFO  App - Дані завантажено - Клієнтів: 2, Контрактів: 3, Вимог: 1, Деривативів: 2
2025-11-23 19:56:13.691 [App.main()] INFO  service.ContractService - Початок процесу створення контракту
2025-11-23 19:56:14.658 [App.main()] ERROR service.ContractService - Помилка при створенні контракту
java.util.InputMismatchException: null
	at java.util.Scanner.throwFor(Scanner.java:947) ~[?:?]
	at java.util.Scanner.next(Scanner.java:1602) ~[?:?]
	at java.util.Scanner.nextInt(Scanner.java:2267) ~[?:?]
	at java.util.Scanner.nextInt(Scanner.java:2221) ~[?:?]
	at service.ContractService.createContractInteractive(ContractService.java:28) ~[classes/:?]
	at menu.MenuFactory.lambda$createCustomerContractsMenu$5(MenuFactory.java:51) ~[classes/:?]
	at menu.Menu.execute(Menu.java:34) ~[classes/:?]
	at menu.Menu.show(Menu.java:28) ~[classes/:?]
	at App.main(App.java:39) ~[classes/:?]
	at jdk.internal.reflect.DirectMethodHandleAccessor.invoke(DirectMethodHandleAccessor.java:103) ~[?:?]
	at java.lang.reflect.Method.invoke(Method.java:580) ~[?:?]
	at org.codehaus.mojo.exec.AbstractExecJavaBase.executeMainMethod(AbstractExecJavaBase.java:402) ~[?:?]
	at org.codehaus.mojo.exec.ExecJavaMojo.executeMainMethod(ExecJavaMojo.java:142) ~[?:?]
	at org.codehaus.mojo.exec.AbstractExecJavaBase.doExecClassLoader(AbstractExecJavaBase.java:377) ~[?:?]
	at org.codehaus.mojo.exec.AbstractExecJavaBase.lambda$execute$0(AbstractExecJavaBase.java:287) ~[?:?]
	at java.lang.Thread.run(Thread.java:1583) [?:?]
2025-11-23 19:57:05.259 [App.main()] ERROR App - Критична помилка в додатку
java.util.InputMismatchException: null
	at java.util.Scanner.throwFor(Scanner.java:947) ~[?:?]
	at java.util.Scanner.next(Scanner.java:1602) ~[?:?]
	at java.util.Scanner.nextInt(Scanner.java:2267) ~[?:?]
	at java.util.Scanner.nextInt(Scanner.java:2221) ~[?:?]
	at menu.Menu.show(Menu.java:27) ~[classes/:?]
	at App.main(App.java:39) ~[classes/:?]
	at jdk.internal.reflect.DirectMethodHandleAccessor.invoke(DirectMethodHandleAccessor.java:103) ~[?:?]
	at java.lang.reflect.Method.invoke(Method.java:580) ~[?:?]
	at org.codehaus.mojo.exec.AbstractExecJavaBase.executeMainMethod(AbstractExecJavaBase.java:402) ~[?:?]
	at org.codehaus.mojo.exec.ExecJavaMojo.executeMainMethod(ExecJavaMojo.java:142) ~[?:?]
	at org.codehaus.mojo.exec.AbstractExecJavaBase.doExecClassLoader(AbstractExecJavaBase.java:377) ~[?:?]
	at org.codehaus.mojo.exec.AbstractExecJavaBase.lambda$execute$0(AbstractExecJavaBase.java:287) ~[?:?]
	at java.lang.Thread.run(Thread.java:1583) [?:?]
2025-11-23 19:57:12.394 [App.main()] INFO  App - Додаток запущено
2025-11-23 19:57:12.397 [App.main()] DEBUG service.FileService - Початок завантаження всіх даних
2025-11-23 19:57:12.406 [App.main()] DEBUG service.FileService - Клієнтів завантажено - Кількість: 2
2025-11-23 19:57:12.407 [App.main()] DEBUG service.FileService - Деривативів завантажено - Кількість: 2
2025-11-23 19:57:12.412 [App.main()] DEBUG service.FileService - Контрактів завантажено - Кількість: 3
2025-11-23 19:57:12.413 [App.main()] DEBUG service.FileService - Вимог завантажено - Кількість: 1
2025-11-23 19:57:12.414 [App.main()] INFO  service.FileService - Дані завантажено - Клієнтів: 2, Деривативів: 2, Контрактів: 3, Вимог: 1
2025-11-23 19:57:12.416 [App.main()] INFO  App - Дані завантажено - Клієнтів: 2, Контрактів: 3, Вимог: 1, Деривативів: 2
2025-11-23 19:57:16.119 [App.main()] INFO  service.ContractService - Початок процесу створення контракту
2025-11-23 19:57:18.062 [App.main()] ERROR service.ContractService - Помилка при створенні контракту
java.util.InputMismatchException: null
	at java.util.Scanner.throwFor(Scanner.java:947) ~[?:?]
	at java.util.Scanner.next(Scanner.java:1602) ~[?:?]
	at java.util.Scanner.nextInt(Scanner.java:2267) ~[?:?]
	at java.util.Scanner.nextInt(Scanner.java:2221) ~[?:?]
	at service.ContractService.createContractInteractive(ContractService.java:28) ~[classes/:?]
	at menu.MenuFactory.lambda$createCustomerContractsMenu$5(MenuFactory.java:51) ~[classes/:?]
	at menu.Menu.execute(Menu.java:34) ~[classes/:?]
	at menu.Menu.show(Menu.java:28) ~[classes/:?]
	at App.main(App.java:39) ~[classes/:?]
	at jdk.internal.reflect.DirectMethodHandleAccessor.invoke(DirectMethodHandleAccessor.java:103) ~[?:?]
	at java.lang.reflect.Method.invoke(Method.java:580) ~[?:?]
	at org.codehaus.mojo.exec.AbstractExecJavaBase.executeMainMethod(AbstractExecJavaBase.java:402) ~[?:?]
	at org.codehaus.mojo.exec.ExecJavaMojo.executeMainMethod(ExecJavaMojo.java:142) ~[?:?]
	at org.codehaus.mojo.exec.AbstractExecJavaBase.doExecClassLoader(AbstractExecJavaBase.java:377) ~[?:?]
	at org.codehaus.mojo.exec.AbstractExecJavaBase.lambda$execute$0(AbstractExecJavaBase.java:287) ~[?:?]
	at java.lang.Thread.run(Thread.java:1583) [?:?]
2025-11-23 19:58:48.055 [App.main()] ERROR App - Критична помилка в додатку
java.util.InputMismatchException: null
	at java.util.Scanner.throwFor(Scanner.java:947) ~[?:?]
	at java.util.Scanner.next(Scanner.java:1602) ~[?:?]
	at java.util.Scanner.nextInt(Scanner.java:2267) ~[?:?]
	at java.util.Scanner.nextInt(Scanner.java:2221) ~[?:?]
	at menu.Menu.show(Menu.java:27) ~[classes/:?]
	at App.main(App.java:39) ~[classes/:?]
	at jdk.internal.reflect.DirectMethodHandleAccessor.invoke(DirectMethodHandleAccessor.java:103) ~[?:?]
	at java.lang.reflect.Method.invoke(Method.java:580) ~[?:?]
	at org.codehaus.mojo.exec.AbstractExecJavaBase.executeMainMethod(AbstractExecJavaBase.java:402) ~[?:?]
	at org.codehaus.mojo.exec.ExecJavaMojo.executeMainMethod(ExecJavaMojo.java:142) ~[?:?]
	at org.codehaus.mojo.exec.AbstractExecJavaBase.doExecClassLoader(AbstractExecJavaBase.java:377) ~[?:?]
	at org.codehaus.mojo.exec.AbstractExecJavaBase.lambda$execute$0(AbstractExecJavaBase.java:287) ~[?:?]
	at java.lang.Thread.run(Thread.java:1583) [?:?]
2025-11-23 19:58:55.573 [App.main()] INFO  App - Додаток запущено
2025-11-23 19:58:55.577 [App.main()] DEBUG service.FileService - Початок завантаження всіх даних
2025-11-23 19:58:55.586 [App.main()] DEBUG service.FileService - Клієнтів завантажено - Кількість: 2
2025-11-23 19:58:55.587 [App.main()] DEBUG service.FileService - Деривативів завантажено - Кількість: 2
2025-11-23 19:58:55.592 [App.main()] DEBUG service.FileService - Контрактів завантажено - Кількість: 3
2025-11-23 19:58:55.594 [App.main()] DEBUG service.FileService - Вимог завантажено - Кількість: 1
2025-11-23 19:58:55.595 [App.main()] INFO  service.FileService - Дані завантажено - Клієнтів: 2, Деривативів: 2, Контрактів: 3, Вимог: 1
2025-11-23 19:58:55.599 [App.main()] INFO  App - Дані завантажено - Клієнтів: 2, Контрактів: 3, Вимог: 1, Деривативів: 2
2025-11-23 19:58:58.310 [App.main()] INFO  service.ContractService - Початок процесу створення контракту
2025-11-23 19:59:01.993 [App.main()] ERROR service.ContractService - Помилка при створенні контракту
java.util.InputMismatchException: null
	at java.util.Scanner.throwFor(Scanner.java:947) ~[?:?]
	at java.util.Scanner.next(Scanner.java:1602) ~[?:?]
	at java.util.Scanner.nextInt(Scanner.java:2267) ~[?:?]
	at java.util.Scanner.nextInt(Scanner.java:2221) ~[?:?]
	at service.ContractService.createContractInteractive(ContractService.java:28) ~[classes/:?]
	at menu.MenuFactory.lambda$createCustomerContractsMenu$5(MenuFactory.java:51) ~[classes/:?]
	at menu.Menu.execute(Menu.java:34) ~[classes/:?]
	at menu.Menu.show(Menu.java:28) ~[classes/:?]
	at App.main(App.java:39) ~[classes/:?]
	at jdk.internal.reflect.DirectMethodHandleAccessor.invoke(DirectMethodHandleAccessor.java:103) ~[?:?]
	at java.lang.reflect.Method.invoke(Method.java:580) ~[?:?]
	at org.codehaus.mojo.exec.AbstractExecJavaBase.executeMainMethod(AbstractExecJavaBase.java:402) ~[?:?]
	at org.codehaus.mojo.exec.ExecJavaMojo.executeMainMethod(ExecJavaMojo.java:142) ~[?:?]
	at org.codehaus.mojo.exec.AbstractExecJavaBase.doExecClassLoader(AbstractExecJavaBase.java:377) ~[?:?]
	at org.codehaus.mojo.exec.AbstractExecJavaBase.lambda$execute$0(AbstractExecJavaBase.java:287) ~[?:?]
	at java.lang.Thread.run(Thread.java:1583) [?:?]
2025-11-23 20:01:29.011 [App.main()] ERROR App - Критична помилка в додатку
java.util.InputMismatchException: null
	at java.util.Scanner.throwFor(Scanner.java:947) ~[?:?]
	at java.util.Scanner.next(Scanner.java:1602) ~[?:?]
	at java.util.Scanner.nextInt(Scanner.java:2267) ~[?:?]
	at java.util.Scanner.nextInt(Scanner.java:2221) ~[?:?]
	at menu.Menu.show(Menu.java:27) ~[classes/:?]
	at App.main(App.java:39) ~[classes/:?]
	at jdk.internal.reflect.DirectMethodHandleAccessor.invoke(DirectMethodHandleAccessor.java:103) ~[?:?]
	at java.lang.reflect.Method.invoke(Method.java:580) ~[?:?]
	at org.codehaus.mojo.exec.AbstractExecJavaBase.executeMainMethod(AbstractExecJavaBase.java:402) ~[?:?]
	at org.codehaus.mojo.exec.ExecJavaMojo.executeMainMethod(ExecJavaMojo.java:142) ~[?:?]
	at org.codehaus.mojo.exec.AbstractExecJavaBase.doExecClassLoader(AbstractExecJavaBase.java:377) ~[?:?]
	at org.codehaus.mojo.exec.AbstractExecJavaBase.lambda$execute$0(AbstractExecJavaBase.java:287) ~[?:?]
	at java.lang.Thread.run(Thread.java:1583) [?:?]
2025-11-23 20:01:44.491 [App.main()] INFO  App - Додаток запущено
2025-11-23 20:01:44.494 [App.main()] DEBUG service.FileService - Початок завантаження всіх даних
2025-11-23 20:01:44.502 [App.main()] DEBUG service.FileService - Клієнтів завантажено - Кількість: 2
2025-11-23 20:01:44.503 [App.main()] DEBUG service.FileService - Деривативів завантажено - Кількість: 2
2025-11-23 20:01:44.508 [App.main()] DEBUG service.FileService - Контрактів завантажено - Кількість: 3
2025-11-23 20:01:44.509 [App.main()] DEBUG service.FileService - Вимог завантажено - Кількість: 1
2025-11-23 20:01:44.509 [App.main()] INFO  service.FileService - Дані завантажено - Клієнтів: 2, Деривативів: 2, Контрактів: 3, Вимог: 1
2025-11-23 20:01:44.512 [App.main()] INFO  App - Дані завантажено - Клієнтів: 2, Контрактів: 3, Вимог: 1, Деривативів: 2
2025-11-23 20:01:51.914 [App.main()] INFO  service.ContractService - Початок процесу створення контракту
2025-11-23 20:01:53.071 [App.main()] ERROR service.ContractService - Помилка при створенні контракту
java.util.InputMismatchException: null
	at java.util.Scanner.throwFor(Scanner.java:947) ~[?:?]
	at java.util.Scanner.next(Scanner.java:1602) ~[?:?]
	at java.util.Scanner.nextInt(Scanner.java:2267) ~[?:?]
	at java.util.Scanner.nextInt(Scanner.java:2221) ~[?:?]
	at service.ContractService.createContractInteractive(ContractService.java:28) ~[classes/:?]
	at menu.MenuFactory.lambda$createCustomerContractsMenu$5(MenuFactory.java:51) ~[classes/:?]
	at menu.Menu.execute(Menu.java:34) ~[classes/:?]
	at menu.Menu.show(Menu.java:28) ~[classes/:?]
	at App.main(App.java:39) ~[classes/:?]
	at jdk.internal.reflect.DirectMethodHandleAccessor.invoke(DirectMethodHandleAccessor.java:103) ~[?:?]
	at java.lang.reflect.Method.invoke(Method.java:580) ~[?:?]
	at org.codehaus.mojo.exec.AbstractExecJavaBase.executeMainMethod(AbstractExecJavaBase.java:402) ~[?:?]
	at org.codehaus.mojo.exec.ExecJavaMojo.executeMainMethod(ExecJavaMojo.java:142) ~[?:?]
	at org.codehaus.mojo.exec.AbstractExecJavaBase.doExecClassLoader(AbstractExecJavaBase.java:377) ~[?:?]
	at org.codehaus.mojo.exec.AbstractExecJavaBase.lambda$execute$0(AbstractExecJavaBase.java:287) ~[?:?]
	at java.lang.Thread.run(Thread.java:1583) [?:?]
2025-11-23 20:05:26.023 [App.main()] INFO  App - Додаток запущено
2025-11-23 20:05:26.029 [App.main()] DEBUG service.FileService - Початок завантаження всіх даних
2025-11-23 20:05:26.040 [App.main()] DEBUG service.FileService - Клієнтів завантажено - Кількість: 2
2025-11-23 20:05:26.041 [App.main()] DEBUG service.FileService - Деривативів завантажено - Кількість: 2
2025-11-23 20:05:26.046 [App.main()] DEBUG service.FileService - Контрактів завантажено - Кількість: 3
2025-11-23 20:05:26.047 [App.main()] DEBUG service.FileService - Вимог завантажено - Кількість: 1
2025-11-23 20:05:26.048 [App.main()] INFO  service.FileService - Дані завантажено - Клієнтів: 2, Деривативів: 2, Контрактів: 3, Вимог: 1
2025-11-23 20:05:26.050 [App.main()] INFO  App - Дані завантажено - Клієнтів: 2, Контрактів: 3, Вимог: 1, Деривативів: 2
2025-11-23 20:05:28.511 [App.main()] INFO  service.ContractService - Початок процесу створення контракту
2025-11-23 20:05:30.168 [App.main()] ERROR service.ContractService - Помилка при створенні контракту
java.util.InputMismatchException: null
	at java.util.Scanner.throwFor(Scanner.java:947) ~[?:?]
	at java.util.Scanner.next(Scanner.java:1602) ~[?:?]
	at java.util.Scanner.nextInt(Scanner.java:2267) ~[?:?]
	at java.util.Scanner.nextInt(Scanner.java:2221) ~[?:?]
	at service.ContractService.createContractInteractive(ContractService.java:28) ~[classes/:?]
	at menu.MenuFactory.lambda$createCustomerContractsMenu$5(MenuFactory.java:51) ~[classes/:?]
	at menu.Menu.execute(Menu.java:34) ~[classes/:?]
	at menu.Menu.show(Menu.java:28) ~[classes/:?]
	at App.main(App.java:39) ~[classes/:?]
	at jdk.internal.reflect.DirectMethodHandleAccessor.invoke(DirectMethodHandleAccessor.java:103) ~[?:?]
	at java.lang.reflect.Method.invoke(Method.java:580) ~[?:?]
	at org.codehaus.mojo.exec.AbstractExecJavaBase.executeMainMethod(AbstractExecJavaBase.java:402) ~[?:?]
	at org.codehaus.mojo.exec.ExecJavaMojo.executeMainMethod(ExecJavaMojo.java:142) ~[?:?]
	at org.codehaus.mojo.exec.AbstractExecJavaBase.doExecClassLoader(AbstractExecJavaBase.java:377) ~[?:?]
	at org.codehaus.mojo.exec.AbstractExecJavaBase.lambda$execute$0(AbstractExecJavaBase.java:287) ~[?:?]
	at java.lang.Thread.run(Thread.java:1583) [?:?]
2025-11-23 20:07:05.610 [App.main()] INFO  App - Додаток запущено
2025-11-23 20:07:05.622 [App.main()] DEBUG service.FileService - Початок завантаження всіх даних
2025-11-23 20:07:05.636 [App.main()] DEBUG service.FileService - Клієнтів завантажено - Кількість: 2
2025-11-23 20:07:05.637 [App.main()] DEBUG service.FileService - Деривативів завантажено - Кількість: 2
2025-11-23 20:07:05.646 [App.main()] DEBUG service.FileService - Контрактів завантажено - Кількість: 3
2025-11-23 20:07:05.648 [App.main()] DEBUG service.FileService - Вимог завантажено - Кількість: 1
2025-11-23 20:07:05.650 [App.main()] INFO  service.FileService - Дані завантажено - Клієнтів: 2, Деривативів: 2, Контрактів: 3, Вимог: 1
2025-11-23 20:07:05.651 [App.main()] INFO  App - Дані завантажено - Клієнтів: 2, Контрактів: 3, Вимог: 1, Деривативів: 2
2025-11-23 20:07:12.390 [App.main()] INFO  service.ContractService - Початок процесу створення контракту
2025-11-23 20:07:14.322 [App.main()] ERROR service.ContractService - Помилка при створенні контракту
java.util.InputMismatchException: null
	at java.util.Scanner.throwFor(Scanner.java:947) ~[?:?]
	at java.util.Scanner.next(Scanner.java:1602) ~[?:?]
	at java.util.Scanner.nextInt(Scanner.java:2267) ~[?:?]
	at java.util.Scanner.nextInt(Scanner.java:2221) ~[?:?]
	at service.ContractService.createContractInteractive(ContractService.java:28) ~[classes/:?]
	at menu.MenuFactory.lambda$createCustomerContractsMenu$5(MenuFactory.java:51) ~[classes/:?]
	at menu.Menu.execute(Menu.java:34) ~[classes/:?]
	at menu.Menu.show(Menu.java:28) ~[classes/:?]
	at App.main(App.java:39) ~[classes/:?]
	at jdk.internal.reflect.DirectMethodHandleAccessor.invoke(DirectMethodHandleAccessor.java:103) ~[?:?]
	at java.lang.reflect.Method.invoke(Method.java:580) ~[?:?]
	at org.codehaus.mojo.exec.AbstractExecJavaBase.executeMainMethod(AbstractExecJavaBase.java:402) ~[?:?]
	at org.codehaus.mojo.exec.ExecJavaMojo.executeMainMethod(ExecJavaMojo.java:142) ~[?:?]
	at org.codehaus.mojo.exec.AbstractExecJavaBase.doExecClassLoader(AbstractExecJavaBase.java:377) ~[?:?]
	at org.codehaus.mojo.exec.AbstractExecJavaBase.lambda$execute$0(AbstractExecJavaBase.java:287) ~[?:?]
	at java.lang.Thread.run(Thread.java:1583) [?:?]
2025-11-23 20:08:06.535 [App.main()] INFO  App - Додаток запущено
2025-11-23 20:08:06.539 [App.main()] DEBUG service.FileService - Початок завантаження всіх даних
2025-11-23 20:08:06.548 [App.main()] DEBUG service.FileService - Клієнтів завантажено - Кількість: 2
2025-11-23 20:08:06.549 [App.main()] DEBUG service.FileService - Деривативів завантажено - Кількість: 2
2025-11-23 20:08:06.553 [App.main()] DEBUG service.FileService - Контрактів завантажено - Кількість: 3
2025-11-23 20:08:06.555 [App.main()] DEBUG service.FileService - Вимог завантажено - Кількість: 1
2025-11-23 20:08:06.556 [App.main()] INFO  service.FileService - Дані завантажено - Клієнтів: 2, Деривативів: 2, Контрактів: 3, Вимог: 1
2025-11-23 20:08:06.558 [App.main()] INFO  App - Дані завантажено - Клієнтів: 2, Контрактів: 3, Вимог: 1, Деривативів: 2
2025-11-23 20:08:17.110 [App.main()] INFO  service.ContractService - Початок процесу створення контракту
2025-11-23 20:08:17.732 [App.main()] ERROR service.ContractService - Помилка при створенні контракту
java.util.InputMismatchException: null
	at java.util.Scanner.throwFor(Scanner.java:947) ~[?:?]
	at java.util.Scanner.next(Scanner.java:1602) ~[?:?]
	at java.util.Scanner.nextInt(Scanner.java:2267) ~[?:?]
	at java.util.Scanner.nextInt(Scanner.java:2221) ~[?:?]
	at service.ContractService.createContractInteractive(ContractService.java:28) ~[classes/:?]
	at menu.MenuFactory.lambda$createCustomerContractsMenu$5(MenuFactory.java:51) ~[classes/:?]
	at menu.Menu.execute(Menu.java:34) ~[classes/:?]
	at menu.Menu.show(Menu.java:28) ~[classes/:?]
	at App.main(App.java:39) ~[classes/:?]
	at jdk.internal.reflect.DirectMethodHandleAccessor.invoke(DirectMethodHandleAccessor.java:103) ~[?:?]
	at java.lang.reflect.Method.invoke(Method.java:580) ~[?:?]
	at org.codehaus.mojo.exec.AbstractExecJavaBase.executeMainMethod(AbstractExecJavaBase.java:402) ~[?:?]
	at org.codehaus.mojo.exec.ExecJavaMojo.executeMainMethod(ExecJavaMojo.java:142) ~[?:?]
	at org.codehaus.mojo.exec.AbstractExecJavaBase.doExecClassLoader(AbstractExecJavaBase.java:377) ~[?:?]
	at org.codehaus.mojo.exec.AbstractExecJavaBase.lambda$execute$0(AbstractExecJavaBase.java:287) ~[?:?]
	at java.lang.Thread.run(Thread.java:1583) [?:?]
2025-11-23 20:10:23.313 [App.main()] INFO  App - Додаток запущено
2025-11-23 20:10:23.317 [App.main()] DEBUG service.FileService - Початок завантаження всіх даних
2025-11-23 20:10:23.326 [App.main()] DEBUG service.FileService - Клієнтів завантажено - Кількість: 2
2025-11-23 20:10:23.327 [App.main()] DEBUG service.FileService - Деривативів завантажено - Кількість: 2
2025-11-23 20:10:23.333 [App.main()] DEBUG service.FileService - Контрактів завантажено - Кількість: 3
2025-11-23 20:10:23.335 [App.main()] DEBUG service.FileService - Вимог завантажено - Кількість: 1
2025-11-23 20:10:23.335 [App.main()] INFO  service.FileService - Дані завантажено - Клієнтів: 2, Деривативів: 2, Контрактів: 3, Вимог: 1
2025-11-23 20:10:23.337 [App.main()] INFO  App - Дані завантажено - Клієнтів: 2, Контрактів: 3, Вимог: 1, Деривативів: 2
2025-11-23 20:10:28.314 [App.main()] INFO  service.ContractService - Початок процесу створення контракту
2025-11-23 20:10:29.524 [App.main()] ERROR service.ContractService - Помилка при створенні контракту
java.util.InputMismatchException: null
	at java.util.Scanner.throwFor(Scanner.java:947) ~[?:?]
	at java.util.Scanner.next(Scanner.java:1602) ~[?:?]
	at java.util.Scanner.nextInt(Scanner.java:2267) ~[?:?]
	at java.util.Scanner.nextInt(Scanner.java:2221) ~[?:?]
	at service.ContractService.createContractInteractive(ContractService.java:28) ~[classes/:?]
	at menu.MenuFactory.lambda$createCustomerContractsMenu$5(MenuFactory.java:51) ~[classes/:?]
	at menu.Menu.execute(Menu.java:34) ~[classes/:?]
	at menu.Menu.show(Menu.java:28) ~[classes/:?]
	at App.main(App.java:39) ~[classes/:?]
	at jdk.internal.reflect.DirectMethodHandleAccessor.invoke(DirectMethodHandleAccessor.java:103) ~[?:?]
	at java.lang.reflect.Method.invoke(Method.java:580) ~[?:?]
	at org.codehaus.mojo.exec.AbstractExecJavaBase.executeMainMethod(AbstractExecJavaBase.java:402) ~[?:?]
	at org.codehaus.mojo.exec.ExecJavaMojo.executeMainMethod(ExecJavaMojo.java:142) ~[?:?]
	at org.codehaus.mojo.exec.AbstractExecJavaBase.doExecClassLoader(AbstractExecJavaBase.java:377) ~[?:?]
	at org.codehaus.mojo.exec.AbstractExecJavaBase.lambda$execute$0(AbstractExecJavaBase.java:287) ~[?:?]
	at java.lang.Thread.run(Thread.java:1583) [?:?]
2025-11-23 20:14:34.843 [App.main()] INFO  App - Додаток запущено
2025-11-23 20:14:34.848 [App.main()] DEBUG service.FileService - Початок завантаження всіх даних
2025-11-23 20:14:34.855 [App.main()] DEBUG service.FileService - Клієнтів завантажено - Кількість: 2
2025-11-23 20:14:34.856 [App.main()] DEBUG service.FileService - Деривативів завантажено - Кількість: 2
2025-11-23 20:14:34.861 [App.main()] DEBUG service.FileService - Контрактів завантажено - Кількість: 3
2025-11-23 20:14:34.863 [App.main()] DEBUG service.FileService - Вимог завантажено - Кількість: 1
2025-11-23 20:14:34.864 [App.main()] INFO  service.FileService - Дані завантажено - Клієнтів: 2, Деривативів: 2, Контрактів: 3, Вимог: 1
2025-11-23 20:14:34.866 [App.main()] INFO  App - Дані завантажено - Клієнтів: 2, Контрактів: 3, Вимог: 1, Деривативів: 2
2025-11-23 20:14:38.491 [App.main()] INFO  service.ContractService - Початок процесу створення контракту
2025-11-23 20:14:39.169 [App.main()] ERROR service.ContractService - Помилка при створенні контракту
java.util.InputMismatchException: null
	at java.util.Scanner.throwFor(Scanner.java:947) ~[?:?]
	at java.util.Scanner.next(Scanner.java:1602) ~[?:?]
	at java.util.Scanner.nextInt(Scanner.java:2267) ~[?:?]
	at java.util.Scanner.nextInt(Scanner.java:2221) ~[?:?]
	at service.ContractService.createContractInteractive(ContractService.java:28) ~[classes/:?]
	at menu.MenuFactory.lambda$createCustomerContractsMenu$5(MenuFactory.java:51) ~[classes/:?]
	at menu.Menu.execute(Menu.java:34) ~[classes/:?]
	at menu.Menu.show(Menu.java:28) ~[classes/:?]
	at App.main(App.java:41) ~[classes/:?]
	at jdk.internal.reflect.DirectMethodHandleAccessor.invoke(DirectMethodHandleAccessor.java:103) ~[?:?]
	at java.lang.reflect.Method.invoke(Method.java:580) ~[?:?]
	at org.codehaus.mojo.exec.AbstractExecJavaBase.executeMainMethod(AbstractExecJavaBase.java:402) ~[?:?]
	at org.codehaus.mojo.exec.ExecJavaMojo.executeMainMethod(ExecJavaMojo.java:142) ~[?:?]
	at org.codehaus.mojo.exec.AbstractExecJavaBase.doExecClassLoader(AbstractExecJavaBase.java:377) ~[?:?]
	at org.codehaus.mojo.exec.AbstractExecJavaBase.lambda$execute$0(AbstractExecJavaBase.java:287) ~[?:?]
	at java.lang.Thread.run(Thread.java:1583) [?:?]
